== home
== record
+  0.0s record_matches slot [:]
+  0.3s community_list fill ["height": 50, "ms": 3129]
+  2.6s squad_builder fill ["ms": 5430, "height": 121]
+  2.6s home fill ["ms": 5437, "height": 121]
+  3.0s meta_1 fill ["height": 121, "ms": 5831]
+  3.1s record_matches fill ["height": 121, "ms": 5864]
+  8.0s record_matches visible [:]
+  8.1s record_matches impression [:]
== squad
+  0.0s squad_builder slot [:]
+  2.8s squad_builder fill ["ms": 2792, "height": 121]
+  3.5s record_matches fill ["height": 121, "ms": 3531]
+  4.0s community_list fill ["height": 50, "ms": 4043]
+  4.3s home fill ["height": 121, "ms": 4360]
+  4.4s meta_1 fill ["height": 121, "ms": 4461]
+  5.4s squad_builder visible [:]
+  5.5s squad_builder impression [:]
== match
+  0.0s match slot [:]
+  1.6s home fill ["height": 121, "ms": 3446]
+  2.4s record_matches fill ["ms": 4229, "height": 121]
+  2.7s squad_builder fill ["height": 121, "ms": 4547]
+  3.0s meta_1 fill ["height": 121, "ms": 4792]
+  3.4s community_list fill ["height": 50, "ms": 5238]
+  3.9s match fill ["height": 250, "ms": 3900]
+  4.4s match visible [:]
+  4.5s match impression [:]
== report
+  0.0s record_report slot [:]
+  1.3s home fill ["ms": 4827, "height": 121]
+  2.0s record_matches fill ["ms": 5563, "height": 121]
+  2.3s meta_1 fill ["ms": 5842, "height": 121]
+  2.8s community_list fill ["height": 50, "ms": 6346]
+  3.2s squad_builder fill ["height": 121, "ms": 6766]
+  3.3s record_report fill ["ms": 3267, "height": 121]
+  6.4s record_report visible [:]
+  6.5s record_report impression [:]
== se
+  0.0s record_matches slot [:]
+  2.2s record_matches fill ["ms": 2181, "height": 101]
+  3.1s meta_1 fill ["ms": 3146, "height": 101]
+  3.5s squad_builder fill ["ms": 3522, "height": 101]
+  3.6s community_list fill ["height": 50, "ms": 3628]
+  3.6s home fill ["ms": 3657, "height": 101]
+ 10.4s record_matches visible [:]
+ 10.5s record_matches impression [:]
== cm (community list)
+  0.0s community_list slot [:]
+  2.4s home fill ["height": 121, "ms": 2409]
+  3.0s meta_1 fill ["ms": 3068, "height": 121]
+  3.7s record_matches fill ["height": 121, "ms": 3720]
+  3.9s community_list fill ["ms": 3952, "height": 50]
+  3.9s community_list visible [:]
+  3.9s community_list impression [:]
+  4.1s squad_builder fill ["ms": 4157, "height": 121]
