15:24:40 [ad] record_players_2 slot [:]
15:24:40 [ad] record_players slot [:]
15:24:48 [ad] record_players fill ["height": 121]
15:24:49 [ad] record_players_2 fill ["height": 250]
15:25:16 [ad] record_players visible [:]
15:25:17 [ad] record_players impression [:]
15:26:33 [ad] record_style slot [:]
15:26:50 [ad] record_style fill ["height": 121]
15:27:12 [ad] record_style visible [:]
15:27:12 [ad] record_style impression [:]
15:27:51 [ad] meta_2 slot [:]
15:27:52 [ad] meta_1 slot [:]
15:27:52 [ad] meta_1 collapse ["reason": "timeout"]
15:27:53 [ad] meta_1 fill ["height": 121]
15:27:53 [ad] meta_1 impression [:]
15:27:53 [ad] meta_2 fill ["height": 250]
15:28:31 [ad] squad_builder slot [:]
15:28:32 [ad] squad_builder collapse ["reason": "timeout"]
15:28:50 [ad] squad_builder fill ["height": 121]
15:28:50 [ad] squad_builder impression [:]
15:29:50 [ad] community_list slot [:]
15:29:50 [ad] community_list collapse ["reason": "timeout"]
15:29:53 [ad] community_list fill ["height": 50]
15:29:53 [ad] community_list impression [:]
15:30:40 [ad] community_list slot [:]
15:30:45 [ad] community_list fill ["height": 50]
15:30:45 [ad] community_list impression [:]
15:31:15 [ad] community_list_more slot [:]
15:31:15 [ad] community_list_more collapse ["reason": "timeout"]
15:31:17 [ad] community_list_more fill ["height": 50]
15:31:17 [ad] community_list_more impression [:]
15:32:03 [ad] community_detail slot [:]
15:32:05 [ad] community_detail fill ["height": 50]
15:32:05 [ad] community_detail impression [:]
